2026-10-02 05:42:49.248: [INFO] CurrentProfilePath: C:\Users\fasjola\Desktop\LocalBackup3\publish\Livello.exe.WebView2\EBWebView\Default
2026-10-02 05:42:49.248: [INFO] Profiles total count: 1
2026-10-02 05:42:49.248: [INFO] Profile: name=Profil 1 path=C:\Users\fasjola\Desktop\LocalBackup3\publish\Livello.exe.WebView2\EBWebView\Default lastActive=null
2026-10-02 05:42:49.248: [INFO] LastUsedProfileDir: C:\Users\fasjola\Desktop\LocalBackup3\publish\Livello.exe.WebView2\EBWebView\Default
2026-10-02 05:42:49.248: [INFO] OnDoneLoading sync enabled: 0
2026-10-02 05:42:49.248: [INFO] BookmarkModelLoaded, ids_reassigned: 0
2026-10-02 05:42:49.248: [INFO] BookmarksLoadDropped droppedNodes=0
2026-10-02 05:42:49.248: [INFO] BookmarksSnapshot Startup total=0 bar=0 other=0 mobile=0 showBar=0 showBarNTP=1
2026-10-02 08:05:33.727: [INFO] BookmarksSnapshot Shutdown total=0 bar=0 other=0 mobile=0 showBar=0 showBarNTP=1
2026-10-02 08:14:01.629: [INFO] CurrentProfilePath: C:\Users\fasjola\Desktop\LocalBackup3\publish\Livello.exe.WebView2\EBWebView\Default
2026-10-02 08:14:01.629: [INFO] Profiles total count: 1
2026-10-02 08:14:01.723: [INFO] Profile: name=Profil 1 path=C:\Users\fasjola\Desktop\LocalBackup3\publish\Livello.exe.WebView2\EBWebView\Default lastActive=2026-10-02T05:44:22.902Z
2026-10-02 08:14:01.723: [INFO] LastUsedProfileDir: C:\Users\fasjola\Desktop\LocalBackup3\publish\Livello.exe.WebView2\EBWebView\Default
2026-10-02 08:14:01.723: [INFO] MostRecentlyActiveProfile: name=Profil 1 path=C:\Users\fasjola\Desktop\LocalBackup3\publish\Livello.exe.WebView2\EBWebView\Default lastActive=2026-10-02T05:44:22.902Z
2026-10-02 08:14:01.723: [INFO] OnDoneLoading sync enabled: 0
2026-10-02 08:14:01.723: [INFO] BookmarkModelLoaded, ids_reassigned: 0
2026-10-02 08:14:01.723: [INFO] BookmarksLoadDropped droppedNodes=0
2026-10-02 08:14:01.723: [INFO] BookmarksSnapshot Startup total=0 bar=0 other=0 mobile=0 showBar=0 showBarNTP=1
2026-10-02 08:22:38.279: [INFO] BookmarksSnapshot Shutdown total=0 bar=0 other=0 mobile=0 showBar=0 showBarNTP=1
2026-10-02 08:22:42.019: [INFO] CurrentProfilePath: C:\Users\fasjola\Desktop\LocalBackup3\publish\Livello.exe.WebView2\EBWebView\Default
2026-10-02 08:22:42.019: [INFO] Profiles total count: 1
2026-10-02 08:22:42.019: [INFO] Profile: name=Profil 1 path=C:\Users\fasjola\Desktop\LocalBackup3\publish\Livello.exe.WebView2\EBWebView\Default lastActive=2026-10-02T08:22:38.074Z
2026-10-02 08:22:42.019: [INFO] LastUsedProfileDir: C:\Users\fasjola\Desktop\LocalBackup3\publish\Livello.exe.WebView2\EBWebView\Default
2026-10-02 08:22:42.019: [INFO] MostRecentlyActiveProfile: name=Profil 1 path=C:\Users\fasjola\Desktop\LocalBackup3\publish\Livello.exe.WebView2\EBWebView\Default lastActive=2026-10-02T08:22:38.074Z
2026-10-02 08:22:42.019: [INFO] OnDoneLoading sync enabled: 0
2026-10-02 08:22:42.019: [INFO] BookmarkModelLoaded, ids_reassigned: 0
2026-10-02 08:22:42.019: [INFO] BookmarksLoadDropped droppedNodes=0
2026-10-02 08:22:42.019: [INFO] BookmarksSnapshot Startup total=0 bar=0 other=0 mobile=0 showBar=0 showBarNTP=1
2026-10-02 08:27:22.406: [INFO] BookmarksSnapshot Shutdown total=0 bar=0 other=0 mobile=0 showBar=0 showBarNTP=1
2026-10-02 08:29:18.453: [INFO] CurrentProfilePath: C:\Users\fasjola\Desktop\LocalBackup3\publish\Livello.exe.WebView2\EBWebView\Default
2026-10-02 08:29:18.453: [INFO] Profiles total count: 1
2026-10-02 08:29:18.453: [INFO] Profile: name=Profil 1 path=C:\Users\fasjola\Desktop\LocalBackup3\publish\Livello.exe.WebView2\EBWebView\Default lastActive=2026-10-02T08:22:42.124Z
2026-10-02 08:29:18.453: [INFO] LastUsedProfileDir: C:\Users\fasjola\Desktop\LocalBackup3\publish\Livello.exe.WebView2\EBWebView\Default
2026-10-02 08:29:18.453: [INFO] MostRecentlyActiveProfile: name=Profil 1 path=C:\Users\fasjola\Desktop\LocalBackup3\publish\Livello.exe.WebView2\EBWebView\Default lastActive=2026-10-02T08:22:42.124Z
2026-10-02 08:29:18.453: [INFO] OnDoneLoading sync enabled: 0
2026-10-02 08:29:18.453: [INFO] BookmarkModelLoaded, ids_reassigned: 0
2026-10-02 08:29:18.453: [INFO] BookmarksLoadDropped droppedNodes=0
2026-10-02 08:29:18.453: [INFO] BookmarksSnapshot Startup total=0 bar=0 other=0 mobile=0 showBar=0 showBarNTP=1
2026-10-02 11:07:10.374: [INFO] BookmarksSnapshot Shutdown total=0 bar=0 other=0 mobile=0 showBar=0 showBarNTP=1
2026-10-02 11:07:39.496: [INFO] CurrentProfilePath: C:\Users\fasjola\Desktop\LocalBackup3\publish\Livello.exe.WebView2\EBWebView\Default
2026-10-02 11:07:39.496: [INFO] Profiles total count: 1
2026-10-02 11:07:39.496: [INFO] Profile: name=Profil 1 path=C:\Users\fasjola\Desktop\LocalBackup3\publish\Livello.exe.WebView2\EBWebView\Default lastActive=2026-10-02T11:07:07.742Z
2026-10-02 11:07:39.496: [INFO] LastUsedProfileDir: C:\Users\fasjola\Desktop\LocalBackup3\publish\Livello.exe.WebView2\EBWebView\Default
2026-10-02 11:07:39.496: [INFO] MostRecentlyActiveProfile: name=Profil 1 path=C:\Users\fasjola\Desktop\LocalBackup3\publish\Livello.exe.WebView2\EBWebView\Default lastActive=2026-10-02T11:07:07.742Z
2026-10-02 11:07:39.496: [INFO] OnDoneLoading sync enabled: 0
2026-10-02 11:07:39.496: [INFO] BookmarkModelLoaded, ids_reassigned: 0
2026-10-02 11:07:39.496: [INFO] BookmarksLoadDropped droppedNodes=0
2026-10-02 11:07:39.496: [INFO] BookmarksSnapshot Startup total=0 bar=0 other=0 mobile=0 showBar=0 showBarNTP=1
2026-10-02 11:08:07.126: [INFO] BookmarksSnapshot Shutdown total=0 bar=0 other=0 mobile=0 showBar=0 showBarNTP=1
2026-10-03 14:33:25.880: [INFO] CurrentProfilePath: C:\Users\fasjola\Desktop\LocalBackup3\publish\Livello.exe.WebView2\EBWebView\Default
2026-10-03 14:33:25.880: [INFO] Profiles total count: 1
2026-10-03 14:33:26.151: [INFO] Profile: name=Profil 1 path=C:\Users\fasjola\Desktop\LocalBackup3\publish\Livello.exe.WebView2\EBWebView\Default lastActive=2026-10-02T11:08:05.990Z
2026-10-03 14:33:26.151: [INFO] LastUsedProfileDir: C:\Users\fasjola\Desktop\LocalBackup3\publish\Livello.exe.WebView2\EBWebView\Default
2026-10-03 14:33:26.151: [INFO] MostRecentlyActiveProfile: name=Profil 1 path=C:\Users\fasjola\Desktop\LocalBackup3\publish\Livello.exe.WebView2\EBWebView\Default lastActive=2026-10-02T11:08:05.990Z
2026-10-03 14:33:26.151: [INFO] OnDoneLoading sync enabled: 0
2026-10-03 14:33:26.151: [INFO] BookmarkModelLoaded, ids_reassigned: 0
2026-10-03 14:33:26.151: [INFO] BookmarksLoadDropped droppedNodes=0
2026-10-03 14:33:26.151: [INFO] BookmarksSnapshot Startup total=0 bar=0 other=0 mobile=0 showBar=0 showBarNTP=1
2026-10-03 14:33:50.344: [INFO] BookmarksSnapshot Shutdown total=0 bar=0 other=0 mobile=0 showBar=0 showBarNTP=1
