{"logTime": "1002/054248", "level": "INFO", "message": "UserPrefStore loaded: error=NO_FILE (6)"}
{"logTime": "1002/054248", "level": "INFO", "message": "Preference changed: name=edge_vpn.available, new_value=true, source=unknown"}
{"logTime": "1002/054248", "level": "INFO", "message": "Preference changed: name=profile_network_context_service.http_cache_finch_experiment_groups, new_value=\"None None None None\", source=unknown"}
{"logTime": "1002/054248", "level": "INFO", "message": "Preference changed: name=enterprise_profile_guid, new_value=\"7dbcf406-2171-4a8c-8c14-cba418d1e438\", source=unknown"}
{"logTime": "1002/054248", "level": "INFO", "message": "Preference changed: name=extensions.last_chrome_version, new_value=\"154.0.4258.48\", source=unknown"}
{"logTime": "1002/054248", "level": "INFO", "message": "Preference changed: name=gaia_cookie.periodic_report_time_2, new_value=\"13435393368457436\", source=unknown"}
{"logTime": "1002/054248", "level": "INFO", "message": "Preference changed: name=optimization_guide.previously_registered_optimization_types, new_value=[object], source=unknown"}
{"logTime": "1002/054248", "level": "INFO", "message": "Preference changed: name=user_experience_metrics.personalization_data_consent_enabled_last_known_value, new_value=false, source=unknown"}
{"logTime": "1002/054248", "level": "INFO", "message": "Preference changed: name=profile.background_password_check, new_value=[object], source=unknown"}
{"logTime": "1002/054248", "level": "INFO", "message": "Preference changed: name=countryid_at_install, new_value=20556, source=unknown"}
{"logTime": "1002/054248", "level": "INFO", "message": "Preference changed: name=reset_prepopulated_engines, new_value=false, source=unknown"}
{"logTime": "1002/054248", "level": "INFO", "message": "Preference changed: name=extensions.chrome_url_overrides, new_value=[object], source=unknown"}
{"logTime": "1002/054248", "level": "INFO", "message": "Preference changed: name=browser.recent_theme_color_list, new_value=[object], source=unknown"}
{"logTime": "1002/054248", "level": "INFO", "message": "Preference changed: name=browser.color_theme_user_on_first_check, new_value=false, source=unknown"}
{"logTime": "1002/054248", "level": "INFO", "message": "Preference changed: name=sessions.session_data_status, new_value=1, source=unknown"}
{"logTime": "1002/054248", "level": "INFO", "message": "Preference changed: name=sessions.event_log, new_value=[object], source=unknown"}
{"logTime": "1002/054248", "level": "INFO", "message": "Preference changed: name=optimization_guide.previously_registered_optimization_types, new_value=[object], source=unknown"}
{"logTime": "1002/054248", "level": "INFO", "message": "Preference changed: name=optimization_guide.previously_registered_optimization_types, new_value=[object], source=unknown"}
{"logTime": "1002/054248", "level": "INFO", "message": "Preference changed: name=optimization_guide.previously_registered_optimization_types, new_value=[object], source=unknown"}
{"logTime": "1002/054248", "level": "INFO", "message": "Preference changed: name=saved_tab_groups.did_enable_shared_tab_groups_in_last_session, new_value=false, source=unknown"}
{"logTime": "1002/054248", "level": "INFO", "message": "Preference changed: name=optimization_guide.previously_registered_optimization_types, new_value=[object], source=unknown"}
{"logTime": "1002/054248", "level": "INFO", "message": "Preference changed: name=optimization_guide.previously_registered_optimization_types, new_value=[object], source=unknown"}
{"logTime": "1002/054248", "level": "INFO", "message": "Preference changed: name=safety_hub.unused_site_permissions_revocation.migration_completed, new_value=true, source=unknown"}
{"logTime": "1002/054248", "level": "INFO", "message": "Preference changed: name=profile.created_by_version, new_value=\"154.0.4258.48\", source=unknown"}
{"logTime": "1002/054248", "level": "INFO", "message": "Preference changed: name=profile.creation_time, new_value=\"13435393367932188\", source=unknown"}
{"logTime": "1002/054248", "level": "INFO", "message": "Preference changed: name=profile.edge_profile_id, new_value=\"c40be084-319d-43cf-bafb-92ba79ece729\", source=unknown"}
{"logTime": "1002/054248", "level": "INFO", "message": "Preference changed: name=edge_ux_config.assignmentcontext, new_value=\"\", source=unknown"}
{"logTime": "1002/054248", "level": "INFO", "message": "Preference changed: name=edge_ux_config.dataversion, new_value=\"0\", source=unknown"}
{"logTime": "1002/054248", "level": "INFO", "message": "Preference changed: name=edge_ux_config.experimentvariables, new_value=[object], source=unknown"}
{"logTime": "1002/054248", "level": "INFO", "message": "Preference changed: name=browser.user_level_features_context, new_value=[object], source=unknown"}
{"logTime": "1002/054248", "level": "INFO", "message": "Preference changed: name=edge_ux_config.flights, new_value=[object], source=unknown"}
{"logTime": "1002/054248", "level": "INFO", "message": "Preference changed: name=profile.network_pbs, new_value=[object], source=unknown"}
{"logTime": "1002/054248", "level": "INFO", "message": "Preference changed: name=extensions.alerts.initialized, new_value=true, source=unknown"}
{"logTime": "1002/054248", "level": "INFO", "message": "Preference changed: name=extensions.pdf_upsell_triggered, new_value=false, source=unknown"}
{"logTime": "1002/054248", "level": "INFO", "message": "Preference changed: name=extensions.settings, new_value=[object], source=unknown"}
{"logTime": "1002/054248", "level": "INFO", "message": "Preference changed: name=extensions.settings, new_value=[object], source=unknown"}
{"logTime": "1002/054248", "level": "INFO", "message": "Preference changed: name=extensions.settings, new_value=[object], source=unknown"}
{"logTime": "1002/054248", "level": "INFO", "message": "Preference changed: name=extensions.settings, new_value=[object], source=unknown"}
{"logTime": "1002/054248", "level": "INFO", "message": "Preference changed: name=extensions.settings, new_value=[object], source=unknown"}
{"logTime": "1002/054248", "level": "INFO", "message": "Preference changed: name=extensions.settings, new_value=[object], source=unknown"}
{"logTime": "1002/054248", "level": "INFO", "message": "Preference changed: name=extensions.settings, new_value=[object], source=unknown"}
{"logTime": "1002/054248", "level": "INFO", "message": "Preference changed: name=extensions.settings, new_value=[object], source=unknown"}
{"logTime": "1002/054248", "level": "INFO", "message": "Preference changed: name=extensions.settings, new_value=[object], source=unknown"}
{"logTime": "1002/054248", "level": "INFO", "message": "Preference changed: name=extensions.settings, new_value=[object], source=unknown"}
{"logTime": "1002/054248", "level": "INFO", "message": "Preference changed: name=extensions.settings, new_value=[object], source=unknown"}
{"logTime": "1002/054248", "level": "INFO", "message": "Preference changed: name=extensions.settings, new_value=[object], source=unknown"}
{"logTime": "1002/054248", "level": "INFO", "message": "Preference changed: name=extensions.settings, new_value=[object], source=unknown"}
{"logTime": "1002/054248", "level": "INFO", "message": "Preference changed: name=extensions.settings, new_value=[object], source=unknown"}
{"logTime": "1002/054248", "level": "INFO", "message": "Preference changed: name=extensions.settings, new_value=[object], source=unknown"}
{"logTime": "1002/054248", "level": "INFO", "message": "Preference changed: name=extensions.settings, new_value=[object], source=unknown"}
{"logTime": "1002/054248", "level": "INFO", "message": "Preference changed: name=extensions.settings, new_value=[object], source=unknown"}
{"logTime": "1002/054248", "level": "INFO", "message": "Preference changed: name=extensions.settings, new_value=[object], source=unknown"}
{"logTime": "1002/054248", "level": "INFO", "message": "Preference changed: name=extensions.settings, new_value=[object], source=unknown"}
{"logTime": "1002/054248", "level": "INFO", "message": "Preference changed: name=extensions.settings, new_value=[object], source=unknown"}
{"logTime": "1002/054248", "level": "INFO", "message": "Preference changed: name=extension.installed_extension_count, new_value=2, source=unknown"}
{"logTime": "1002/054248", "level": "INFO", "message": "Preference changed: name=profile.password_hash_data_list, new_value=[object], source=unknown"}
{"logTime": "1002/054248", "level": "INFO", "message": "Preference changed: name=edge.msa_sso_info.allow_for_non_msa_profile, new_value=true, source=unknown"}
{"logTime": "1002/054248", "level": "INFO", "message": "Preference changed: name=edge.profile_sso_info.is_msa_first_profile, new_value=true, source=unknown"}
{"logTime": "1002/054248", "level": "INFO", "message": "Preference changed: name=edge.profile_sso_info.msa_sso_algo_state, new_value=1, source=unknown"}
{"logTime": "1002/054249", "level": "INFO", "message": "Preference changed: name=browser.available_dark_theme_options, new_value=\"All\", source=unknown"}
{"logTime": "1002/054249", "level": "INFO", "message": "Preference changed: name=schedule_to_flush_to_disk, new_value=\"13435393369247600\", source=unknown"}
{"logTime": "1002/054249", "level": "INFO", "message": "Preference changed: name=schedule_to_flush_to_disk, new_value=\"13435393369248148\", source=unknown"}
{"logTime": "1002/054249", "level": "INFO", "message": "Preference changed: name=muid.last_sync, new_value=\"13435393369248361\", source=unknown"}
{"logTime": "1002/054249", "level": "INFO", "message": "Preference changed: name=commerce_daily_metrics_last_update_time, new_value=\"13435393369248521\", source=unknown"}
{"logTime": "1002/054249", "level": "INFO", "message": "Preference changed: name=bookmark.storage_computation_last_update, new_value=\"13435393369248590\", source=unknown"}
{"logTime": "1002/054249", "level": "INFO", "message": "Preference changed: name=extensions.settings, new_value=[object], source=unknown"}
{"logTime": "1002/054249", "level": "INFO", "message": "Preference changed: name=extensions.settings, new_value=[object], source=unknown"}
{"logTime": "1002/054249", "level": "INFO", "message": "Preference changed: name=extensions.settings, new_value=[object], source=unknown"}
{"logTime": "1002/054249", "level": "INFO", "message": "Preference changed: name=extensions.settings, new_value=[object], source=unknown"}
{"logTime": "1002/054249", "level": "INFO", "message": "Preference changed: name=extensions.chrome_url_overrides, new_value=[object], source=unknown"}
{"logTime": "1002/054249", "level": "INFO", "message": "Preference changed: name=extensions.pinned_extensions, new_value=[object], source=unknown"}
{"logTime": "1002/054249", "level": "INFO", "message": "Preference changed: name=extensions.pinned_extension_migration, new_value=true, source=unknown"}
{"logTime": "1002/054249", "level": "INFO", "message": "Preference changed: name=credentials_enable_service, new_value=false, source=unknown"}
{"logTime": "1002/054249", "level": "INFO", "message": "Preference changed: name=autofill.credit_card_enabled, new_value=false, source=unknown"}
{"logTime": "1002/054249", "level": "INFO", "message": "Preference changed: name=enable_edge_collections, new_value=false, source=unknown"}
{"logTime": "1002/054249", "level": "INFO", "message": "Preference changed: name=resolve_navigation_errors_use_web_service.enabled, new_value=false, source=unknown"}
{"logTime": "1002/054249", "level": "INFO", "message": "Preference changed: name=alternate_error_pages.enabled, new_value=false, source=unknown"}
{"logTime": "1002/054249", "level": "INFO", "message": "Preference changed: name=webrtc.udp_port_range, new_value=\"0-0\", source=unknown"}
{"logTime": "1002/054251", "level": "INFO", "message": "Preference changed: name=browser.show_downloads_hub_pinned, new_value=false, source=unknown"}
{"logTime": "1002/054251", "level": "INFO", "message": "Preference changed: name=browser.show_toolbar_edge_generic_sidebar_button, new_value=false, source=unknown"}
{"logTime": "1002/054251", "level": "INFO", "message": "Preference changed: name=in_product_help.session_start_time, new_value=\"13435393371752574\", source=unknown"}
{"logTime": "1002/054251", "level": "INFO", "message": "Preference changed: name=in_product_help.session_number, new_value=2, source=unknown"}
{"logTime": "1002/054251", "level": "INFO", "message": "Preference changed: name=in_product_help.session_last_active_time, new_value=\"13435393371752574\", source=unknown"}
{"logTime": "1002/054251", "level": "INFO", "message": "Preference changed: name=in_product_help.recent_session_enabled_time, new_value=\"13435393371752574\", source=unknown"}
{"logTime": "1002/054251", "level": "INFO", "message": "Preference changed: name=in_product_help.recent_session_start_times, new_value=[object], source=unknown"}
{"logTime": "1002/054252", "level": "INFO", "message": "Preference changed: name=media.engagement.schema_version, new_value=5, source=unknown"}
{"logTime": "1002/054252", "level": "INFO", "message": "Preference changed: name=intl.selected_languages, new_value=\"pl,en,en-GB,en-US\", source=unknown"}
{"logTime": "1002/054252", "level": "INFO", "message": "Preference changed: name=optimization_guide.previously_registered_optimization_types, new_value=[object], source=unknown"}
{"logTime": "1002/054252", "level": "INFO", "message": "Preference changed: name=profile.content_settings.exceptions.storage_access_header_origin_trial, new_value=[object], source=unknown"}
{"logTime": "1002/054252", "level": "INFO", "message": "Preference changed: name=spellcheck.dictionaries, new_value=[object], source=unknown"}
{"logTime": "1002/054252", "level": "INFO", "message": "Preference changed: name=edge.services.signin_scoped_device_id, new_value=\"8474cf50-fd24-4a5f-aa0f-9f0452012c73\", source=unknown"}
{"logTime": "1002/054252", "level": "INFO", "message": "Preference changed: name=account_tracker_service_last_update, new_value=\"13435393372825463\", source=unknown"}
{"logTime": "1002/054252", "level": "INFO", "message": "Preference changed: name=autofill.last_version_deduped, new_value=154, source=unknown"}
{"logTime": "1002/054252", "level": "INFO", "message": "Preference changed: name=autofill.edge_autofill_purge_low_quality_profiles_by_timeline, new_value=false, source=unknown"}
{"logTime": "1002/054252", "level": "INFO", "message": "Preference changed: name=optimization_guide.previously_registered_optimization_types, new_value=[object], source=unknown"}
{"logTime": "1002/054252", "level": "INFO", "message": "Preference changed: name=autocomplete.retention_policy_last_version, new_value=154, source=unknown"}
{"logTime": "1002/054252", "level": "INFO", "message": "Preference changed: name=profile.edge_user_with_non_zero_passwords, new_value=false, source=unknown"}
{"logTime": "1002/054252", "level": "INFO", "message": "Preference changed: name=profile.edge_password_is_using_new_login_db_path, new_value=false, source=unknown"}
{"logTime": "1002/054252", "level": "INFO", "message": "Preference changed: name=profile.edge_password_login_db_path_flip_flop_count, new_value=0, source=unknown"}
{"logTime": "1002/054252", "level": "INFO", "message": "Preference changed: name=saved_tab_groups.specifics_to_data_migration, new_value=true, source=unknown"}
{"logTime": "1002/054253", "level": "INFO", "message": "Preference changed: name=typosquatting.allowlist_migration_done, new_value=true, source=unknown"}
{"logTime": "1002/054253", "level": "INFO", "message": "Preference changed: name=profile.is_relative_to_aad, new_value=false, source=unknown"}
{"logTime": "1002/054254", "level": "INFO", "message": "Preference changed: name=edge_rewards.cache_data, new_value=\"CAA=\", source=unknown"}
{"logTime": "1002/054254", "level": "INFO", "message": "Preference changed: name=edge_rewards.refresh_status_muted_until, new_value=\"13435998174140401\", source=unknown"}
{"logTime": "1002/054254", "level": "INFO", "message": "Preference changed: name=fsd.retention_policy_last_version, new_value=154, source=unknown"}
{"logTime": "1002/054255", "level": "INFO", "message": "Preference changed: name=muid.values_seen, new_value=[object], source=unknown"}
{"logTime": "1002/054255", "level": "INFO", "message": "Preference changed: name=profile.content_settings.exceptions.site_engagement, new_value=[object], source=unknown"}
{"logTime": "1002/054255", "level": "INFO", "message": "Preference changed: name=profile.last_engagement_time, new_value=\"13435393375205734\", source=unknown"}
{"logTime": "1002/054258", "level": "INFO", "message": "PrefStore write completed: store=4, success=true"}
{"logTime": "1002/054258", "level": "INFO", "message": "PrefStore write completed: store=4, success=true"}
{"logTime": "1002/054259", "level": "INFO", "message": "Preference changed: name=edge.bookmarks.last_dup_info_record_time, new_value=\"13435393379252036\", source=unknown"}
{"logTime": "1002/054300", "level": "INFO", "message": "Preference changed: name=personalization_data_consent.personalization_in_context_count, new_value=0, source=unknown"}
{"logTime": "1002/054300", "level": "INFO", "message": "Preference changed: name=personalization_data_consent.personalization_in_context_consent_can_prompt, new_value=true, source=unknown"}
{"logTime": "1002/054302", "level": "INFO", "message": "Preference changed: name=optimization_guide.hintsfetcher.hosts_successfully_fetched, new_value=[object], source=unknown"}
{"logTime": "1002/054306", "level": "INFO", "message": "Preference changed: name=profile.content_settings.exceptions.site_engagement, new_value=[object], source=unknown"}
{"logTime": "1002/054306", "level": "INFO", "message": "Preference changed: name=profile.last_engagement_time, new_value=\"13435393386655245\", source=unknown"}
{"logTime": "1002/054309", "level": "INFO", "message": "PrefStore write completed: store=4, success=true"}
{"logTime": "1002/054318", "level": "INFO", "message": "Preference changed: name=profile.last_time_password_store_metrics_reported, new_value=1790919798.458027, source=unknown"}
{"logTime": "1002/054318", "level": "INFO", "message": "Preference changed: name=edge_wallet.passwords.password_lost_report_date, new_value=\"13435393398458320\", source=unknown"}
{"logTime": "1002/054318", "level": "INFO", "message": "Preference changed: name=total_passwords_available_for_account, new_value=0, source=unknown"}
{"logTime": "1002/054318", "level": "INFO", "message": "Preference changed: name=total_passwords_available_for_profile, new_value=0, source=unknown"}
{"logTime": "1002/054320", "level": "INFO", "message": "Preference changed: name=profile.observed_session_time, new_value=[object], source=unknown"}
{"logTime": "1002/054328", "level": "INFO", "message": "PrefStore write completed: store=4, success=true"}
{"logTime": "1002/054348", "level": "INFO", "message": "Preference changed: name=profile.last_time_obsolete_http_credentials_removed, new_value=1790919828.470884, source=unknown"}
{"logTime": "1002/054348", "level": "INFO", "message": "Preference changed: name=profile.were_old_google_logins_removed, new_value=true, source=unknown"}
{"logTime": "1002/054348", "level": "INFO", "message": "Preference changed: name=password_manager.account_store_migrated_to_os_crypt_async, new_value=true, source=unknown"}
{"logTime": "1002/054348", "level": "INFO", "message": "Preference changed: name=password_manager.account_store_backup_password_cleaning_last_timestamp, new_value=\"13435393428471481\", source=unknown"}
{"logTime": "1002/054348", "level": "INFO", "message": "Preference changed: name=profile.last_time_obsolete_http_credentials_removed, new_value=1790919828.471679, source=unknown"}
{"logTime": "1002/054348", "level": "INFO", "message": "Preference changed: name=password_manager.profile_store_migrated_to_os_crypt_async, new_value=true, source=unknown"}
{"logTime": "1002/054348", "level": "INFO", "message": "Preference changed: name=password_manager.profile_store_backup_password_cleaning_last_timestamp, new_value=\"13435393428472191\", source=unknown"}
{"logTime": "1002/054358", "level": "INFO", "message": "PrefStore write completed: store=4, success=true"}
{"logTime": "1002/054423", "level": "INFO", "message": "Preference changed: name=profile.content_settings.exceptions.site_engagement, new_value=[object], source=unknown"}
{"logTime": "1002/054423", "level": "INFO", "message": "Preference changed: name=profile.last_engagement_time, new_value=\"13435393463217294\", source=unknown"}
{"logTime": "1002/054427", "level": "INFO", "message": "Preference changed: name=profile.observed_session_time, new_value=[object], source=unknown"}
{"logTime": "1002/054437", "level": "INFO", "message": "PrefStore write completed: store=4, success=true"}
{"logTime": "1002/080529", "level": "INFO", "message": "Preference changed: name=language_dwell_time_average, new_value=[object], source=unknown"}
{"logTime": "1002/080529", "level": "INFO", "message": "Preference changed: name=language_usage_count, new_value=[object], source=unknown"}
{"logTime": "1002/080529", "level": "INFO", "message": "Preference changed: name=profile.content_settings.exceptions.media_engagement, new_value=[object], source=unknown"}
{"logTime": "1002/080529", "level": "INFO", "message": "Preference changed: name=sessions.event_log, new_value=[object], source=unknown"}
{"logTime": "1002/080533", "level": "INFO", "message": "Preference changed: name=profile.content_settings.exceptions.media_engagement, new_value=[object], source=unknown"}
{"logTime": "1002/080533", "level": "INFO", "message": "Preference changed: name=sessions.session_data_status, new_value=2, source=unknown"}
{"logTime": "1002/080533", "level": "INFO", "message": "Preference changed: name=sessions.session_data_status, new_value=3, source=unknown"}
{"logTime": "1002/080533", "level": "INFO", "message": "Preference changed: name=profile.exit_type, new_value=\"Normal\", source=unknown"}
{"logTime": "1002/081401", "level": "INFO", "message": "UserPrefStore loaded: error=NONE (0)"}
{"logTime": "1002/081401", "level": "INFO", "message": "Preference changed: name=optimization_guide.previously_registered_optimization_types, new_value=[object], source=unknown"}
{"logTime": "1002/081401", "level": "INFO", "message": "Preference changed: name=extensions.chrome_url_overrides, new_value=[object], source=unknown"}
{"logTime": "1002/081401", "level": "INFO", "message": "Preference changed: name=sessions.session_data_status, new_value=1, source=unknown"}
{"logTime": "1002/081401", "level": "INFO", "message": "Preference changed: name=sessions.event_log, new_value=[object], source=unknown"}
{"logTime": "1002/081401", "level": "INFO", "message": "Preference changed: name=optimization_guide.previously_registered_optimization_types, new_value=[object], source=unknown"}
{"logTime": "1002/081401", "level": "INFO", "message": "Preference changed: name=optimization_guide.previously_registered_optimization_types, new_value=[object], source=unknown"}
{"logTime": "1002/081401", "level": "INFO", "message": "Preference changed: name=optimization_guide.previously_registered_optimization_types, new_value=[object], source=unknown"}
{"logTime": "1002/081401", "level": "INFO", "message": "Preference changed: name=optimization_guide.previously_registered_optimization_types, new_value=[object], source=unknown"}
{"logTime": "1002/081401", "level": "INFO", "message": "Preference changed: name=optimization_guide.previously_registered_optimization_types, new_value=[object], source=unknown"}
{"logTime": "1002/081401", "level": "INFO", "message": "Preference changed: name=profile.network_pbs, new_value=[object], source=unknown"}
{"logTime": "1002/081401", "level": "INFO", "message": "Preference changed: name=profile.password_hash_data_list, new_value=[object], source=unknown"}
{"logTime": "1002/081401", "level": "INFO", "message": "Preference changed: name=schedule_to_flush_to_disk, new_value=\"13435402441628938\", source=unknown"}
{"logTime": "1002/081401", "level": "INFO", "message": "Preference changed: name=schedule_to_flush_to_disk, new_value=\"13435402441629544\", source=unknown"}
{"logTime": "1002/081401", "level": "INFO", "message": "Preference changed: name=extensions.chrome_url_overrides, new_value=[object], source=unknown"}
{"logTime": "1002/081401", "level": "INFO", "message": "Preference changed: name=edge.services.signin_scoped_device_id, new_value=\"e4f8eebf-024d-4ee6-a72d-569c412f6b9f\", source=unknown"}
{"logTime": "1002/081401", "level": "INFO", "message": "Preference changed: name=optimization_guide.previously_registered_optimization_types, new_value=[object], source=unknown"}
{"logTime": "1002/081401", "level": "INFO", "message": "Preference changed: name=autofill.credit_card_enabled, new_value=false, source=unknown"}
{"logTime": "1002/081401", "level": "INFO", "message": "Preference changed: name=enable_edge_collections, new_value=false, source=unknown"}
{"logTime": "1002/081401", "level": "INFO", "message": "Preference changed: name=resolve_navigation_errors_use_web_service.enabled, new_value=false, source=unknown"}
{"logTime": "1002/081401", "level": "INFO", "message": "Preference changed: name=alternate_error_pages.enabled, new_value=false, source=unknown"}
{"logTime": "1002/081401", "level": "INFO", "message": "Preference changed: name=in_product_help.session_last_active_time, new_value=\"13435402441757788\", source=unknown"}
{"logTime": "1002/081401", "level": "INFO", "message": "Preference changed: name=optimization_guide.previously_registered_optimization_types, new_value=[object], source=unknown"}
{"logTime": "1002/081401", "level": "INFO", "message": "Preference changed: name=profile.content_settings.exceptions.storage_access_header_origin_trial, new_value=[object], source=unknown"}
{"logTime": "1002/081401", "level": "INFO", "message": "Preference changed: name=edge_rewards.coachmark_promotions, new_value=[object], source=unknown"}
{"logTime": "1002/081401", "level": "INFO", "message": "Preference changed: name=edge_rewards.hva_promotions, new_value=[object], source=unknown"}
{"logTime": "1002/081401", "level": "INFO", "message": "Preference changed: name=profile.content_settings.exceptions.site_engagement, new_value=[object], source=unknown"}
{"logTime": "1002/081401", "level": "INFO", "message": "Preference changed: name=profile.last_engagement_time, new_value=\"13435402441959419\", source=unknown"}
{"logTime": "1002/081407", "level": "INFO", "message": "Preference changed: name=profile.observed_session_time, new_value=[object], source=unknown"}
{"logTime": "1002/081411", "level": "INFO", "message": "PrefStore write completed: store=4, success=true"}
{"logTime": "1002/081411", "level": "INFO", "message": "PrefStore write completed: store=4, success=true"}
{"logTime": "1002/081554", "level": "INFO", "message": "Preference changed: name=profile.observed_session_time, new_value=[object], source=unknown"}
{"logTime": "1002/081604", "level": "INFO", "message": "PrefStore write completed: store=4, success=true"}
{"logTime": "1002/082156", "level": "INFO", "message": "Preference changed: name=profile.content_settings.exceptions.site_engagement, new_value=[object], source=unknown"}
{"logTime": "1002/082156", "level": "INFO", "message": "Preference changed: name=profile.last_engagement_time, new_value=\"13435402916493039\", source=unknown"}
{"logTime": "1002/082204", "level": "INFO", "message": "Preference changed: name=profile.observed_session_time, new_value=[object], source=unknown"}
{"logTime": "1002/082214", "level": "INFO", "message": "PrefStore write completed: store=4, success=true"}
{"logTime": "1002/082238", "level": "INFO", "message": "Preference changed: name=language_dwell_time_average, new_value=[object], source=unknown"}
{"logTime": "1002/082238", "level": "INFO", "message": "Preference changed: name=language_usage_count, new_value=[object], source=unknown"}
{"logTime": "1002/082238", "level": "INFO", "message": "Preference changed: name=profile.content_settings.exceptions.media_engagement, new_value=[object], source=unknown"}
{"logTime": "1002/082238", "level": "INFO", "message": "Preference changed: name=profile.observed_session_time, new_value=[object], source=unknown"}
{"logTime": "1002/082238", "level": "INFO", "message": "Preference changed: name=sessions.session_data_status, new_value=2, source=unknown"}
{"logTime": "1002/082238", "level": "INFO", "message": "Preference changed: name=sessions.session_data_status, new_value=3, source=unknown"}
{"logTime": "1002/082238", "level": "INFO", "message": "Preference changed: name=sessions.event_log, new_value=[object], source=unknown"}
{"logTime": "1002/082241", "level": "INFO", "message": "UserPrefStore loaded: error=NONE (0)"}
{"logTime": "1002/082242", "level": "INFO", "message": "Preference changed: name=optimization_guide.previously_registered_optimization_types, new_value=[object], source=unknown"}
{"logTime": "1002/082242", "level": "INFO", "message": "Preference changed: name=extensions.chrome_url_overrides, new_value=[object], source=unknown"}
{"logTime": "1002/082242", "level": "INFO", "message": "Preference changed: name=sessions.session_data_status, new_value=1, source=unknown"}
{"logTime": "1002/082242", "level": "INFO", "message": "Preference changed: name=sessions.event_log, new_value=[object], source=unknown"}
{"logTime": "1002/082242", "level": "INFO", "message": "Preference changed: name=optimization_guide.previously_registered_optimization_types, new_value=[object], source=unknown"}
{"logTime": "1002/082242", "level": "INFO", "message": "Preference changed: name=optimization_guide.previously_registered_optimization_types, new_value=[object], source=unknown"}
{"logTime": "1002/082242", "level": "INFO", "message": "Preference changed: name=optimization_guide.previously_registered_optimization_types, new_value=[object], source=unknown"}
{"logTime": "1002/082242", "level": "INFO", "message": "Preference changed: name=optimization_guide.previously_registered_optimization_types, new_value=[object], source=unknown"}
{"logTime": "1002/082242", "level": "INFO", "message": "Preference changed: name=optimization_guide.previously_registered_optimization_types, new_value=[object], source=unknown"}
{"logTime": "1002/082242", "level": "INFO", "message": "Preference changed: name=profile.network_pbs, new_value=[object], source=unknown"}
{"logTime": "1002/082242", "level": "INFO", "message": "Preference changed: name=profile.password_hash_data_list, new_value=[object], source=unknown"}
{"logTime": "1002/082242", "level": "INFO", "message": "Preference changed: name=schedule_to_flush_to_disk, new_value=\"13435402962018655\", source=unknown"}
{"logTime": "1002/082242", "level": "INFO", "message": "Preference changed: name=schedule_to_flush_to_disk, new_value=\"13435402962019292\", source=unknown"}
{"logTime": "1002/082242", "level": "INFO", "message": "Preference changed: name=edge.services.signin_scoped_device_id, new_value=\"425a940d-223a-4b85-bc99-223959b8774a\", source=unknown"}
{"logTime": "1002/082242", "level": "INFO", "message": "Preference changed: name=optimization_guide.previously_registered_optimization_types, new_value=[object], source=unknown"}
{"logTime": "1002/082242", "level": "INFO", "message": "Preference changed: name=extensions.chrome_url_overrides, new_value=[object], source=unknown"}
{"logTime": "1002/082242", "level": "INFO", "message": "Preference changed: name=autofill.credit_card_enabled, new_value=false, source=unknown"}
{"logTime": "1002/082242", "level": "INFO", "message": "Preference changed: name=enable_edge_collections, new_value=false, source=unknown"}
{"logTime": "1002/082242", "level": "INFO", "message": "Preference changed: name=resolve_navigation_errors_use_web_service.enabled, new_value=false, source=unknown"}
{"logTime": "1002/082242", "level": "INFO", "message": "Preference changed: name=alternate_error_pages.enabled, new_value=false, source=unknown"}
{"logTime": "1002/082242", "level": "INFO", "message": "Preference changed: name=in_product_help.session_last_active_time, new_value=\"13435402962070501\", source=unknown"}
{"logTime": "1002/082242", "level": "INFO", "message": "Preference changed: name=optimization_guide.previously_registered_optimization_types, new_value=[object], source=unknown"}
{"logTime": "1002/082242", "level": "INFO", "message": "Preference changed: name=profile.content_settings.exceptions.storage_access_header_origin_trial, new_value=[object], source=unknown"}
{"logTime": "1002/082242", "level": "INFO", "message": "Preference changed: name=edge_rewards.coachmark_promotions, new_value=[object], source=unknown"}
{"logTime": "1002/082242", "level": "INFO", "message": "Preference changed: name=edge_rewards.hva_promotions, new_value=[object], source=unknown"}
{"logTime": "1002/082242", "level": "INFO", "message": "Preference changed: name=profile.content_settings.exceptions.site_engagement, new_value=[object], source=unknown"}
{"logTime": "1002/082242", "level": "INFO", "message": "Preference changed: name=profile.last_engagement_time, new_value=\"13435402962217816\", source=unknown"}
{"logTime": "1002/082246", "level": "INFO", "message": "Preference changed: name=profile.observed_session_time, new_value=[object], source=unknown"}
{"logTime": "1002/082252", "level": "INFO", "message": "PrefStore write completed: store=4, success=true"}
{"logTime": "1002/082252", "level": "INFO", "message": "PrefStore write completed: store=4, success=true"}
{"logTime": "1002/082722", "level": "INFO", "message": "Preference changed: name=profile.content_settings.exceptions.media_engagement, new_value=[object], source=unknown"}
{"logTime": "1002/082722", "level": "INFO", "message": "Preference changed: name=sessions.session_data_status, new_value=2, source=unknown"}
{"logTime": "1002/082722", "level": "INFO", "message": "Preference changed: name=sessions.session_data_status, new_value=3, source=unknown"}
{"logTime": "1002/082722", "level": "INFO", "message": "Preference changed: name=sessions.event_log, new_value=[object], source=unknown"}
{"logTime": "1002/082918", "level": "INFO", "message": "UserPrefStore loaded: error=NONE (0)"}
{"logTime": "1002/082918", "level": "INFO", "message": "Preference changed: name=optimization_guide.previously_registered_optimization_types, new_value=[object], source=unknown"}
{"logTime": "1002/082918", "level": "INFO", "message": "Preference changed: name=extensions.chrome_url_overrides, new_value=[object], source=unknown"}
{"logTime": "1002/082918", "level": "INFO", "message": "Preference changed: name=sessions.session_data_status, new_value=1, source=unknown"}
{"logTime": "1002/082918", "level": "INFO", "message": "Preference changed: name=sessions.event_log, new_value=[object], source=unknown"}
{"logTime": "1002/082918", "level": "INFO", "message": "Preference changed: name=optimization_guide.previously_registered_optimization_types, new_value=[object], source=unknown"}
{"logTime": "1002/082918", "level": "INFO", "message": "Preference changed: name=optimization_guide.previously_registered_optimization_types, new_value=[object], source=unknown"}
{"logTime": "1002/082918", "level": "INFO", "message": "Preference changed: name=optimization_guide.previously_registered_optimization_types, new_value=[object], source=unknown"}
{"logTime": "1002/082918", "level": "INFO", "message": "Preference changed: name=optimization_guide.previously_registered_optimization_types, new_value=[object], source=unknown"}
{"logTime": "1002/082918", "level": "INFO", "message": "Preference changed: name=optimization_guide.previously_registered_optimization_types, new_value=[object], source=unknown"}
{"logTime": "1002/082918", "level": "INFO", "message": "Preference changed: name=profile.network_pbs, new_value=[object], source=unknown"}
{"logTime": "1002/082918", "level": "INFO", "message": "Preference changed: name=profile.password_hash_data_list, new_value=[object], source=unknown"}
{"logTime": "1002/082918", "level": "INFO", "message": "Preference changed: name=schedule_to_flush_to_disk, new_value=\"13435403358452671\", source=unknown"}
{"logTime": "1002/082918", "level": "INFO", "message": "Preference changed: name=schedule_to_flush_to_disk, new_value=\"13435403358453282\", source=unknown"}
{"logTime": "1002/082918", "level": "INFO", "message": "Preference changed: name=edge.services.signin_scoped_device_id, new_value=\"99acf8e0-2556-423c-a95c-42c3f74aafe2\", source=unknown"}
{"logTime": "1002/082918", "level": "INFO", "message": "Preference changed: name=optimization_guide.previously_registered_optimization_types, new_value=[object], source=unknown"}
{"logTime": "1002/082918", "level": "INFO", "message": "Preference changed: name=extensions.chrome_url_overrides, new_value=[object], source=unknown"}
{"logTime": "1002/082918", "level": "INFO", "message": "Preference changed: name=autofill.credit_card_enabled, new_value=false, source=unknown"}
{"logTime": "1002/082918", "level": "INFO", "message": "Preference changed: name=enable_edge_collections, new_value=false, source=unknown"}
{"logTime": "1002/082918", "level": "INFO", "message": "Preference changed: name=resolve_navigation_errors_use_web_service.enabled, new_value=false, source=unknown"}
{"logTime": "1002/082918", "level": "INFO", "message": "Preference changed: name=alternate_error_pages.enabled, new_value=false, source=unknown"}
{"logTime": "1002/082918", "level": "INFO", "message": "Preference changed: name=in_product_help.session_last_active_time, new_value=\"13435403358488304\", source=unknown"}
{"logTime": "1002/082918", "level": "INFO", "message": "Preference changed: name=optimization_guide.previously_registered_optimization_types, new_value=[object], source=unknown"}
{"logTime": "1002/082918", "level": "INFO", "message": "Preference changed: name=profile.content_settings.exceptions.storage_access_header_origin_trial, new_value=[object], source=unknown"}
{"logTime": "1002/082918", "level": "INFO", "message": "Preference changed: name=edge_rewards.coachmark_promotions, new_value=[object], source=unknown"}
{"logTime": "1002/082918", "level": "INFO", "message": "Preference changed: name=edge_rewards.hva_promotions, new_value=[object], source=unknown"}
{"logTime": "1002/082918", "level": "INFO", "message": "Preference changed: name=profile.content_settings.exceptions.site_engagement, new_value=[object], source=unknown"}
{"logTime": "1002/082918", "level": "INFO", "message": "Preference changed: name=profile.last_engagement_time, new_value=\"13435403358725340\", source=unknown"}
{"logTime": "1002/082924", "level": "INFO", "message": "Preference changed: name=profile.observed_session_time, new_value=[object], source=unknown"}
{"logTime": "1002/082928", "level": "INFO", "message": "PrefStore write completed: store=4, success=true"}
{"logTime": "1002/082928", "level": "INFO", "message": "PrefStore write completed: store=4, success=true"}
{"logTime": "1002/082933", "level": "INFO", "message": "Preference changed: name=profile.observed_session_time, new_value=[object], source=unknown"}
{"logTime": "1002/082943", "level": "INFO", "message": "PrefStore write completed: store=4, success=true"}
{"logTime": "1002/083018", "level": "INFO", "message": "Preference changed: name=profile.content_settings.exceptions.site_engagement, new_value=[object], source=unknown"}
{"logTime": "1002/083018", "level": "INFO", "message": "Preference changed: name=profile.last_engagement_time, new_value=\"13435403418430916\", source=unknown"}
{"logTime": "1002/083018", "level": "INFO", "message": "Preference changed: name=in_product_help.session_last_active_time, new_value=\"13435403418525047\", source=unknown"}
{"logTime": "1002/083022", "level": "INFO", "message": "Preference changed: name=profile.observed_session_time, new_value=[object], source=unknown"}
{"logTime": "1002/083032", "level": "INFO", "message": "PrefStore write completed: store=4, success=true"}
{"logTime": "1002/083032", "level": "INFO", "message": "Preference changed: name=profile.content_settings.exceptions.site_engagement, new_value=[object], source=unknown"}
{"logTime": "1002/083032", "level": "INFO", "message": "Preference changed: name=profile.last_engagement_time, new_value=\"13435403432772392\", source=unknown"}
{"logTime": "1002/083043", "level": "INFO", "message": "Preference changed: name=profile.content_settings.exceptions.site_engagement, new_value=[object], source=unknown"}
{"logTime": "1002/083043", "level": "INFO", "message": "Preference changed: name=profile.last_engagement_time, new_value=\"13435403443420707\", source=unknown"}
{"logTime": "1002/083056", "level": "INFO", "message": "Preference changed: name=profile.observed_session_time, new_value=[object], source=unknown"}
{"logTime": "1002/083102", "level": "INFO", "message": "Preference changed: name=profile.observed_session_time, new_value=[object], source=unknown"}
{"logTime": "1002/083106", "level": "INFO", "message": "PrefStore write completed: store=4, success=true"}
{"logTime": "1002/083121", "level": "INFO", "message": "Preference changed: name=spellcheck.dictionary, new_value=\"\", source=unknown"}
{"logTime": "1002/083121", "level": "INFO", "message": "Preference changed: name=spellcheck.dictionaries, new_value=[object], source=unknown"}
{"logTime": "1002/083126", "level": "INFO", "message": "Preference changed: name=profile.content_settings.exceptions.site_engagement, new_value=[object], source=unknown"}
{"logTime": "1002/083126", "level": "INFO", "message": "Preference changed: name=profile.last_engagement_time, new_value=\"13435403486440250\", source=unknown"}
{"logTime": "1002/083131", "level": "INFO", "message": "PrefStore write completed: store=4, success=true"}
{"logTime": "1002/083137", "level": "INFO", "message": "Preference changed: name=profile.content_settings.exceptions.site_engagement, new_value=[object], source=unknown"}
{"logTime": "1002/083137", "level": "INFO", "message": "Preference changed: name=profile.last_engagement_time, new_value=\"13435403497392705\", source=unknown"}
{"logTime": "1002/083147", "level": "INFO", "message": "Preference changed: name=profile.content_settings.exceptions.site_engagement, new_value=[object], source=unknown"}
{"logTime": "1002/083147", "level": "INFO", "message": "Preference changed: name=profile.last_engagement_time, new_value=\"13435403507650206\", source=unknown"}
{"logTime": "1002/083152", "level": "INFO", "message": "Preference changed: name=profile.observed_session_time, new_value=[object], source=unknown"}
{"logTime": "1002/083200", "level": "INFO", "message": "Preference changed: name=profile.content_settings.exceptions.site_engagement, new_value=[object], source=unknown"}
{"logTime": "1002/083200", "level": "INFO", "message": "Preference changed: name=profile.last_engagement_time, new_value=\"13435403520065831\", source=unknown"}
{"logTime": "1002/083202", "level": "INFO", "message": "PrefStore write completed: store=4, success=true"}
{"logTime": "1002/083210", "level": "INFO", "message": "Preference changed: name=profile.content_settings.exceptions.site_engagement, new_value=[object], source=unknown"}
{"logTime": "1002/083210", "level": "INFO", "message": "Preference changed: name=profile.last_engagement_time, new_value=\"13435403530802370\", source=unknown"}
{"logTime": "1002/083214", "level": "INFO", "message": "Preference changed: name=language_dwell_time_average, new_value=[object], source=unknown"}
{"logTime": "1002/083214", "level": "INFO", "message": "Preference changed: name=language_usage_count, new_value=[object], source=unknown"}
{"logTime": "1002/083219", "level": "INFO", "message": "Preference changed: name=profile.observed_session_time, new_value=[object], source=unknown"}
{"logTime": "1002/083224", "level": "INFO", "message": "PrefStore write completed: store=4, success=true"}
{"logTime": "1002/083248", "level": "INFO", "message": "Preference changed: name=in_product_help.session_last_active_time, new_value=\"13435403555625789\", source=unknown"}
{"logTime": "1002/083254", "level": "INFO", "message": "Preference changed: name=profile.observed_session_time, new_value=[object], source=unknown"}
{"logTime": "1002/083304", "level": "INFO", "message": "PrefStore write completed: store=4, success=true"}
{"logTime": "1002/083314", "level": "INFO", "message": "Preference changed: name=profile.content_settings.exceptions.site_engagement, new_value=[object], source=unknown"}
{"logTime": "1002/083314", "level": "INFO", "message": "Preference changed: name=profile.last_engagement_time, new_value=\"13435403594270004\", source=unknown"}
{"logTime": "1002/083327", "level": "INFO", "message": "Preference changed: name=profile.content_settings.exceptions.site_engagement, new_value=[object], source=unknown"}
{"logTime": "1002/083327", "level": "INFO", "message": "Preference changed: name=profile.last_engagement_time, new_value=\"13435403607594645\", source=unknown"}
{"logTime": "1002/083333", "level": "INFO", "message": "Preference changed: name=in_product_help.session_last_active_time, new_value=\"13435403609640402\", source=unknown"}
{"logTime": "1002/083342", "level": "INFO", "message": "Preference changed: name=profile.content_settings.exceptions.site_engagement, new_value=[object], source=unknown"}
{"logTime": "1002/083342", "level": "INFO", "message": "Preference changed: name=profile.last_engagement_time, new_value=\"13435403622098734\", source=unknown"}
{"logTime": "1002/083348", "level": "INFO", "message": "Preference changed: name=profile.observed_session_time, new_value=[object], source=unknown"}
{"logTime": "1002/083353", "level": "INFO", "message": "Preference changed: name=profile.content_settings.exceptions.site_engagement, new_value=[object], source=unknown"}
{"logTime": "1002/083353", "level": "INFO", "message": "Preference changed: name=profile.last_engagement_time, new_value=\"13435403633480479\", source=unknown"}
{"logTime": "1002/083358", "level": "INFO", "message": "PrefStore write completed: store=4, success=true"}
{"logTime": "1002/083403", "level": "INFO", "message": "Preference changed: name=profile.content_settings.exceptions.site_engagement, new_value=[object], source=unknown"}
{"logTime": "1002/083403", "level": "INFO", "message": "Preference changed: name=profile.last_engagement_time, new_value=\"13435403643930540\", source=unknown"}
{"logTime": "1002/083409", "level": "INFO", "message": "Preference changed: name=language_dwell_time_average, new_value=[object], source=unknown"}
{"logTime": "1002/083409", "level": "INFO", "message": "Preference changed: name=language_usage_count, new_value=[object], source=unknown"}
{"logTime": "1002/083418", "level": "INFO", "message": "Preference changed: name=profile.observed_session_time, new_value=[object], source=unknown"}
{"logTime": "1002/083419", "level": "INFO", "message": "PrefStore write completed: store=4, success=true"}
{"logTime": "1002/083549", "level": "INFO", "message": "Preference changed: name=profile.content_settings.exceptions.site_engagement, new_value=[object], source=unknown"}
{"logTime": "1002/083549", "level": "INFO", "message": "Preference changed: name=profile.last_engagement_time, new_value=\"13435403749404759\", source=unknown"}
{"logTime": "1002/083555", "level": "INFO", "message": "Preference changed: name=profile.observed_session_time, new_value=[object], source=unknown"}
{"logTime": "1002/083605", "level": "INFO", "message": "PrefStore write completed: store=4, success=true"}
{"logTime": "1002/083607", "level": "INFO", "message": "Preference changed: name=profile.content_settings.exceptions.site_engagement, new_value=[object], source=unknown"}
{"logTime": "1002/083607", "level": "INFO", "message": "Preference changed: name=profile.last_engagement_time, new_value=\"13435403767698047\", source=unknown"}
{"logTime": "1002/083609", "level": "INFO", "message": "Preference changed: name=language_dwell_time_average, new_value=[object], source=unknown"}
{"logTime": "1002/083609", "level": "INFO", "message": "Preference changed: name=language_usage_count, new_value=[object], source=unknown"}
{"logTime": "1002/083618", "level": "INFO", "message": "Preference changed: name=profile.observed_session_time, new_value=[object], source=unknown"}
{"logTime": "1002/083619", "level": "INFO", "message": "PrefStore write completed: store=4, success=true"}
{"logTime": "1002/084014", "level": "INFO", "message": "Preference changed: name=profile.content_settings.exceptions.site_engagement, new_value=[object], source=unknown"}
{"logTime": "1002/084014", "level": "INFO", "message": "Preference changed: name=profile.last_engagement_time, new_value=\"13435404014606834\", source=unknown"}
{"logTime": "1002/084031", "level": "INFO", "message": "Preference changed: name=profile.content_settings.exceptions.site_engagement, new_value=[object], source=unknown"}
{"logTime": "1002/084031", "level": "INFO", "message": "Preference changed: name=profile.last_engagement_time, new_value=\"13435404031645567\", source=unknown"}
{"logTime": "1002/084033", "level": "INFO", "message": "Preference changed: name=in_product_help.session_last_active_time, new_value=\"13435404031872153\", source=unknown"}
{"logTime": "1002/084046", "level": "INFO", "message": "Preference changed: name=profile.content_settings.exceptions.site_engagement, new_value=[object], source=unknown"}
{"logTime": "1002/084046", "level": "INFO", "message": "Preference changed: name=profile.last_engagement_time, new_value=\"13435404046047797\", source=unknown"}
{"logTime": "1002/084048", "level": "INFO", "message": "Preference changed: name=in_product_help.session_last_active_time, new_value=\"13435404047882333\", source=unknown"}
{"logTime": "1002/084058", "level": "INFO", "message": "Preference changed: name=profile.observed_session_time, new_value=[object], source=unknown"}
{"logTime": "1002/084108", "level": "INFO", "message": "PrefStore write completed: store=4, success=true"}
{"logTime": "1002/084120", "level": "INFO", "message": "Preference changed: name=profile.content_settings.exceptions.site_engagement, new_value=[object], source=unknown"}
{"logTime": "1002/084120", "level": "INFO", "message": "Preference changed: name=profile.last_engagement_time, new_value=\"13435404080771852\", source=unknown"}
{"logTime": "1002/084126", "level": "INFO", "message": "Preference changed: name=profile.observed_session_time, new_value=[object], source=unknown"}
{"logTime": "1002/084136", "level": "INFO", "message": "PrefStore write completed: store=4, success=true"}
{"logTime": "1002/084144", "level": "INFO", "message": "Preference changed: name=profile.observed_session_time, new_value=[object], source=unknown"}
{"logTime": "1002/084154", "level": "INFO", "message": "PrefStore write completed: store=4, success=true"}
{"logTime": "1002/084158", "level": "INFO", "message": "Preference changed: name=profile.content_settings.exceptions.site_engagement, new_value=[object], source=unknown"}
{"logTime": "1002/084158", "level": "INFO", "message": "Preference changed: name=profile.last_engagement_time, new_value=\"13435404118210127\", source=unknown"}
{"logTime": "1002/084205", "level": "INFO", "message": "Preference changed: name=profile.observed_session_time, new_value=[object], source=unknown"}
{"logTime": "1002/084208", "level": "INFO", "message": "Preference changed: name=profile.content_settings.exceptions.site_engagement, new_value=[object], source=unknown"}
{"logTime": "1002/084208", "level": "INFO", "message": "Preference changed: name=profile.last_engagement_time, new_value=\"13435404128811560\", source=unknown"}
{"logTime": "1002/084215", "level": "INFO", "message": "PrefStore write completed: store=4, success=true"}
{"logTime": "1002/084217", "level": "INFO", "message": "Preference changed: name=profile.observed_session_time, new_value=[object], source=unknown"}
{"logTime": "1002/084227", "level": "INFO", "message": "PrefStore write completed: store=4, success=true"}
{"logTime": "1002/084332", "level": "INFO", "message": "Preference changed: name=profile.content_settings.exceptions.site_engagement, new_value=[object], source=unknown"}
{"logTime": "1002/084332", "level": "INFO", "message": "Preference changed: name=profile.last_engagement_time, new_value=\"13435404212671183\", source=unknown"}
{"logTime": "1002/084351", "level": "INFO", "message": "Preference changed: name=profile.observed_session_time, new_value=[object], source=unknown"}
{"logTime": "1002/084401", "level": "INFO", "message": "PrefStore write completed: store=4, success=true"}
{"logTime": "1002/084403", "level": "INFO", "message": "Preference changed: name=in_product_help.session_last_active_time, new_value=\"13435404239973029\", source=unknown"}
{"logTime": "1002/084410", "level": "INFO", "message": "Preference changed: name=profile.observed_session_time, new_value=[object], source=unknown"}
{"logTime": "1002/084420", "level": "INFO", "message": "PrefStore write completed: store=4, success=true"}
{"logTime": "1002/084435", "level": "INFO", "message": "Preference changed: name=profile.observed_session_time, new_value=[object], source=unknown"}
{"logTime": "1002/084445", "level": "INFO", "message": "PrefStore write completed: store=4, success=true"}
{"logTime": "1002/084616", "level": "INFO", "message": "Preference changed: name=profile.content_settings.exceptions.site_engagement, new_value=[object], source=unknown"}
{"logTime": "1002/084616", "level": "INFO", "message": "Preference changed: name=profile.last_engagement_time, new_value=\"13435404376410764\", source=unknown"}
{"logTime": "1002/084619", "level": "INFO", "message": "Preference changed: name=in_product_help.session_last_active_time, new_value=\"13435404379058515\", source=unknown"}
{"logTime": "1002/084634", "level": "INFO", "message": "Preference changed: name=in_product_help.session_last_active_time, new_value=\"13435404392065125\", source=unknown"}
{"logTime": "1002/084643", "level": "INFO", "message": "Preference changed: name=profile.observed_session_time, new_value=[object], source=unknown"}
{"logTime": "1002/084653", "level": "INFO", "message": "PrefStore write completed: store=4, success=true"}
{"logTime": "1002/105712", "level": "INFO", "message": "Preference changed: name=profile.content_settings.exceptions.site_engagement, new_value=[object], source=unknown"}
{"logTime": "1002/105712", "level": "INFO", "message": "Preference changed: name=profile.last_engagement_time, new_value=\"13435412232718165\", source=unknown"}
{"logTime": "1002/105727", "level": "INFO", "message": "Preference changed: name=profile.observed_session_time, new_value=[object], source=unknown"}
{"logTime": "1002/105735", "level": "INFO", "message": "Preference changed: name=profile.observed_session_time, new_value=[object], source=unknown"}
{"logTime": "1002/105737", "level": "INFO", "message": "PrefStore write completed: store=4, success=true"}
{"logTime": "1002/105809", "level": "INFO", "message": "Preference changed: name=profile.observed_session_time, new_value=[object], source=unknown"}
{"logTime": "1002/105811", "level": "INFO", "message": "Preference changed: name=profile.content_settings.exceptions.site_engagement, new_value=[object], source=unknown"}
{"logTime": "1002/105811", "level": "INFO", "message": "Preference changed: name=profile.last_engagement_time, new_value=\"13435412291888009\", source=unknown"}
{"logTime": "1002/105819", "level": "INFO", "message": "PrefStore write completed: store=4, success=true"}
{"logTime": "1002/105821", "level": "INFO", "message": "Preference changed: name=profile.observed_session_time, new_value=[object], source=unknown"}
{"logTime": "1002/105826", "level": "INFO", "message": "Preference changed: name=profile.content_settings.exceptions.site_engagement, new_value=[object], source=unknown"}
{"logTime": "1002/105826", "level": "INFO", "message": "Preference changed: name=profile.last_engagement_time, new_value=\"13435412306478772\", source=unknown"}
{"logTime": "1002/105831", "level": "INFO", "message": "PrefStore write completed: store=4, success=true"}
{"logTime": "1002/105836", "level": "INFO", "message": "Preference changed: name=profile.content_settings.exceptions.site_engagement, new_value=[object], source=unknown"}
{"logTime": "1002/105836", "level": "INFO", "message": "Preference changed: name=profile.last_engagement_time, new_value=\"13435412316925173\", source=unknown"}
{"logTime": "1002/105837", "level": "INFO", "message": "Preference changed: name=language_dwell_time_average, new_value=[object], source=unknown"}
{"logTime": "1002/105837", "level": "INFO", "message": "Preference changed: name=language_usage_count, new_value=[object], source=unknown"}
{"logTime": "1002/105847", "level": "INFO", "message": "Preference changed: name=profile.content_settings.exceptions.site_engagement, new_value=[object], source=unknown"}
{"logTime": "1002/105847", "level": "INFO", "message": "Preference changed: name=profile.last_engagement_time, new_value=\"13435412327046160\", source=unknown"}
{"logTime": "1002/105847", "level": "INFO", "message": "PrefStore write completed: store=4, success=true"}
{"logTime": "1002/105851", "level": "INFO", "message": "Preference changed: name=profile.observed_session_time, new_value=[object], source=unknown"}
{"logTime": "1002/105901", "level": "INFO", "message": "PrefStore write completed: store=4, success=true"}
{"logTime": "1002/105950", "level": "INFO", "message": "Preference changed: name=profile.content_settings.exceptions.site_engagement, new_value=[object], source=unknown"}
{"logTime": "1002/105950", "level": "INFO", "message": "Preference changed: name=profile.last_engagement_time, new_value=\"13435412390434110\", source=unknown"}
{"logTime": "1002/105954", "level": "INFO", "message": "Preference changed: name=in_product_help.session_last_active_time, new_value=\"13435412394073494\", source=unknown"}
{"logTime": "1002/110000", "level": "INFO", "message": "Preference changed: name=profile.content_settings.exceptions.site_engagement, new_value=[object], source=unknown"}
{"logTime": "1002/110000", "level": "INFO", "message": "Preference changed: name=profile.last_engagement_time, new_value=\"13435412400710182\", source=unknown"}
{"logTime": "1002/110000", "level": "INFO", "message": "Preference changed: name=language_dwell_time_average, new_value=[object], source=unknown"}
{"logTime": "1002/110000", "level": "INFO", "message": "Preference changed: name=language_usage_count, new_value=[object], source=unknown"}
{"logTime": "1002/110009", "level": "INFO", "message": "Preference changed: name=profile.observed_session_time, new_value=[object], source=unknown"}
{"logTime": "1002/110010", "level": "INFO", "message": "PrefStore write completed: store=4, success=true"}
{"logTime": "1002/110024", "level": "INFO", "message": "Preference changed: name=profile.observed_session_time, new_value=[object], source=unknown"}
{"logTime": "1002/110034", "level": "INFO", "message": "PrefStore write completed: store=4, success=true"}
{"logTime": "1002/110257", "level": "INFO", "message": "Preference changed: name=profile.observed_session_time, new_value=[object], source=unknown"}
{"logTime": "1002/110307", "level": "INFO", "message": "PrefStore write completed: store=4, success=true"}
{"logTime": "1002/110308", "level": "INFO", "message": "Preference changed: name=profile.content_settings.exceptions.site_engagement, new_value=[object], source=unknown"}
{"logTime": "1002/110308", "level": "INFO", "message": "Preference changed: name=profile.last_engagement_time, new_value=\"13435412588435892\", source=unknown"}
{"logTime": "1002/110319", "level": "INFO", "message": "Preference changed: name=profile.content_settings.exceptions.site_engagement, new_value=[object], source=unknown"}
{"logTime": "1002/110319", "level": "INFO", "message": "Preference changed: name=profile.last_engagement_time, new_value=\"13435412599189369\", source=unknown"}
{"logTime": "1002/110321", "level": "INFO", "message": "Preference changed: name=language_dwell_time_average, new_value=[object], source=unknown"}
{"logTime": "1002/110321", "level": "INFO", "message": "Preference changed: name=language_usage_count, new_value=[object], source=unknown"}
{"logTime": "1002/110328", "level": "INFO", "message": "Preference changed: name=profile.observed_session_time, new_value=[object], source=unknown"}
{"logTime": "1002/110331", "level": "INFO", "message": "PrefStore write completed: store=4, success=true"}
{"logTime": "1002/110336", "level": "INFO", "message": "Preference changed: name=profile.content_settings.exceptions.site_engagement, new_value=[object], source=unknown"}
{"logTime": "1002/110336", "level": "INFO", "message": "Preference changed: name=profile.last_engagement_time, new_value=\"13435412616148886\", source=unknown"}
{"logTime": "1002/110336", "level": "INFO", "message": "Preference changed: name=language_dwell_time_average, new_value=[object], source=unknown"}
{"logTime": "1002/110336", "level": "INFO", "message": "Preference changed: name=language_usage_count, new_value=[object], source=unknown"}
{"logTime": "1002/110336", "level": "INFO", "message": "Preference changed: name=language_model_counters, new_value=[object], source=unknown"}
{"logTime": "1002/110339", "level": "INFO", "message": "Preference changed: name=profile.observed_session_time, new_value=[object], source=unknown"}
{"logTime": "1002/110345", "level": "INFO", "message": "Preference changed: name=profile.observed_session_time, new_value=[object], source=unknown"}
{"logTime": "1002/110346", "level": "INFO", "message": "PrefStore write completed: store=4, success=true"}
{"logTime": "1002/110649", "level": "INFO", "message": "Preference changed: name=profile.observed_session_time, new_value=[object], source=unknown"}
{"logTime": "1002/110651", "level": "INFO", "message": "Preference changed: name=profile.content_settings.exceptions.site_engagement, new_value=[object], source=unknown"}
{"logTime": "1002/110651", "level": "INFO", "message": "Preference changed: name=profile.last_engagement_time, new_value=\"13435412811572984\", source=unknown"}
{"logTime": "1002/110656", "level": "INFO", "message": "Preference changed: name=language_dwell_time_average, new_value=[object], source=unknown"}
{"logTime": "1002/110656", "level": "INFO", "message": "Preference changed: name=language_usage_count, new_value=[object], source=unknown"}
{"logTime": "1002/110659", "level": "INFO", "message": "PrefStore write completed: store=4, success=true"}
{"logTime": "1002/110702", "level": "INFO", "message": "Preference changed: name=profile.observed_session_time, new_value=[object], source=unknown"}
{"logTime": "1002/110709", "level": "INFO", "message": "Preference changed: name=language_dwell_time_average, new_value=[object], source=unknown"}
{"logTime": "1002/110709", "level": "INFO", "message": "Preference changed: name=language_usage_count, new_value=[object], source=unknown"}
{"logTime": "1002/110709", "level": "INFO", "message": "Preference changed: name=profile.content_settings.exceptions.media_engagement, new_value=[object], source=unknown"}
{"logTime": "1002/110709", "level": "INFO", "message": "Preference changed: name=profile.observed_session_time, new_value=[object], source=unknown"}
{"logTime": "1002/110709", "level": "INFO", "message": "Preference changed: name=sessions.session_data_status, new_value=2, source=unknown"}
{"logTime": "1002/110709", "level": "INFO", "message": "Preference changed: name=sessions.session_data_status, new_value=3, source=unknown"}
{"logTime": "1002/110709", "level": "INFO", "message": "Preference changed: name=sessions.event_log, new_value=[object], source=unknown"}
{"logTime": "1002/110739", "level": "INFO", "message": "UserPrefStore loaded: error=NONE (0)"}
{"logTime": "1002/110739", "level": "INFO", "message": "Preference changed: name=optimization_guide.previously_registered_optimization_types, new_value=[object], source=unknown"}
{"logTime": "1002/110739", "level": "INFO", "message": "Preference changed: name=extensions.chrome_url_overrides, new_value=[object], source=unknown"}
{"logTime": "1002/110739", "level": "INFO", "message": "Preference changed: name=sessions.session_data_status, new_value=1, source=unknown"}
{"logTime": "1002/110739", "level": "INFO", "message": "Preference changed: name=sessions.event_log, new_value=[object], source=unknown"}
{"logTime": "1002/110739", "level": "INFO", "message": "Preference changed: name=optimization_guide.previously_registered_optimization_types, new_value=[object], source=unknown"}
{"logTime": "1002/110739", "level": "INFO", "message": "Preference changed: name=optimization_guide.previously_registered_optimization_types, new_value=[object], source=unknown"}
{"logTime": "1002/110739", "level": "INFO", "message": "Preference changed: name=optimization_guide.previously_registered_optimization_types, new_value=[object], source=unknown"}
{"logTime": "1002/110739", "level": "INFO", "message": "Preference changed: name=optimization_guide.previously_registered_optimization_types, new_value=[object], source=unknown"}
{"logTime": "1002/110739", "level": "INFO", "message": "Preference changed: name=optimization_guide.previously_registered_optimization_types, new_value=[object], source=unknown"}
{"logTime": "1002/110739", "level": "INFO", "message": "Preference changed: name=profile.network_pbs, new_value=[object], source=unknown"}
{"logTime": "1002/110739", "level": "INFO", "message": "Preference changed: name=profile.password_hash_data_list, new_value=[object], source=unknown"}
{"logTime": "1002/110739", "level": "INFO", "message": "Preference changed: name=schedule_to_flush_to_disk, new_value=\"13435412859495758\", source=unknown"}
{"logTime": "1002/110739", "level": "INFO", "message": "Preference changed: name=schedule_to_flush_to_disk, new_value=\"13435412859496424\", source=unknown"}
{"logTime": "1002/110739", "level": "INFO", "message": "Preference changed: name=edge.services.signin_scoped_device_id, new_value=\"eb2911f0-6743-4a41-9b8e-8541f8a103e3\", source=unknown"}
{"logTime": "1002/110739", "level": "INFO", "message": "Preference changed: name=optimization_guide.previously_registered_optimization_types, new_value=[object], source=unknown"}
{"logTime": "1002/110739", "level": "INFO", "message": "Preference changed: name=extensions.chrome_url_overrides, new_value=[object], source=unknown"}
{"logTime": "1002/110739", "level": "INFO", "message": "Preference changed: name=autofill.credit_card_enabled, new_value=false, source=unknown"}
{"logTime": "1002/110739", "level": "INFO", "message": "Preference changed: name=enable_edge_collections, new_value=false, source=unknown"}
{"logTime": "1002/110739", "level": "INFO", "message": "Preference changed: name=resolve_navigation_errors_use_web_service.enabled, new_value=false, source=unknown"}
{"logTime": "1002/110739", "level": "INFO", "message": "Preference changed: name=alternate_error_pages.enabled, new_value=false, source=unknown"}
{"logTime": "1002/110739", "level": "INFO", "message": "Preference changed: name=in_product_help.session_last_active_time, new_value=\"13435412859532740\", source=unknown"}
{"logTime": "1002/110739", "level": "INFO", "message": "Preference changed: name=optimization_guide.previously_registered_optimization_types, new_value=[object], source=unknown"}
{"logTime": "1002/110739", "level": "INFO", "message": "Preference changed: name=profile.content_settings.exceptions.storage_access_header_origin_trial, new_value=[object], source=unknown"}
{"logTime": "1002/110740", "level": "INFO", "message": "Preference changed: name=edge_rewards.coachmark_promotions, new_value=[object], source=unknown"}
{"logTime": "1002/110740", "level": "INFO", "message": "Preference changed: name=edge_rewards.hva_promotions, new_value=[object], source=unknown"}
{"logTime": "1002/110740", "level": "INFO", "message": "Preference changed: name=profile.content_settings.exceptions.site_engagement, new_value=[object], source=unknown"}
{"logTime": "1002/110740", "level": "INFO", "message": "Preference changed: name=profile.last_engagement_time, new_value=\"13435412860416496\", source=unknown"}
{"logTime": "1002/110749", "level": "INFO", "message": "PrefStore write completed: store=4, success=true"}
{"logTime": "1002/110749", "level": "INFO", "message": "PrefStore write completed: store=4, success=true"}
{"logTime": "1002/110753", "level": "INFO", "message": "Preference changed: name=profile.observed_session_time, new_value=[object], source=unknown"}
{"logTime": "1002/110803", "level": "INFO", "message": "PrefStore write completed: store=4, success=true"}
{"logTime": "1002/110807", "level": "INFO", "message": "Preference changed: name=language_dwell_time_average, new_value=[object], source=unknown"}
{"logTime": "1002/110807", "level": "INFO", "message": "Preference changed: name=language_usage_count, new_value=[object], source=unknown"}
{"logTime": "1002/110807", "level": "INFO", "message": "Preference changed: name=profile.content_settings.exceptions.media_engagement, new_value=[object], source=unknown"}
{"logTime": "1002/110807", "level": "INFO", "message": "Preference changed: name=profile.observed_session_time, new_value=[object], source=unknown"}
{"logTime": "1002/110807", "level": "INFO", "message": "Preference changed: name=sessions.session_data_status, new_value=2, source=unknown"}
{"logTime": "1002/110807", "level": "INFO", "message": "Preference changed: name=sessions.session_data_status, new_value=3, source=unknown"}
{"logTime": "1002/110807", "level": "INFO", "message": "Preference changed: name=sessions.event_log, new_value=[object], source=unknown"}
{"logTime": "1003/143325", "level": "INFO", "message": "UserPrefStore loaded: error=NONE (0)"}
{"logTime": "1003/143325", "level": "INFO", "message": "Preference changed: name=extensions.last_chrome_version, new_value=\"154.0.4258.53\", source=unknown"}
{"logTime": "1003/143325", "level": "INFO", "message": "Preference changed: name=gaia_cookie.periodic_report_time_2, new_value=\"13435511605739294\", source=unknown"}
{"logTime": "1003/143325", "level": "INFO", "message": "Preference changed: name=optimization_guide.previously_registered_optimization_types, new_value=[object], source=unknown"}
{"logTime": "1003/143325", "level": "INFO", "message": "Preference changed: name=extensions.chrome_url_overrides, new_value=[object], source=unknown"}
{"logTime": "1003/143325", "level": "INFO", "message": "Preference changed: name=sessions.session_data_status, new_value=1, source=unknown"}
{"logTime": "1003/143325", "level": "INFO", "message": "Preference changed: name=sessions.event_log, new_value=[object], source=unknown"}
{"logTime": "1003/143325", "level": "INFO", "message": "Preference changed: name=optimization_guide.previously_registered_optimization_types, new_value=[object], source=unknown"}
{"logTime": "1003/143325", "level": "INFO", "message": "Preference changed: name=optimization_guide.previously_registered_optimization_types, new_value=[object], source=unknown"}
{"logTime": "1003/143325", "level": "INFO", "message": "Preference changed: name=optimization_guide.previously_registered_optimization_types, new_value=[object], source=unknown"}
{"logTime": "1003/143325", "level": "INFO", "message": "Preference changed: name=optimization_guide.previously_registered_optimization_types, new_value=[object], source=unknown"}
{"logTime": "1003/143325", "level": "INFO", "message": "Preference changed: name=optimization_guide.previously_registered_optimization_types, new_value=[object], source=unknown"}
{"logTime": "1003/143325", "level": "INFO", "message": "Preference changed: name=profile.network_pbs, new_value=[object], source=unknown"}
{"logTime": "1003/143325", "level": "INFO", "message": "Preference changed: name=extensions.settings, new_value=[object], source=unknown"}
{"logTime": "1003/143325", "level": "INFO", "message": "Preference changed: name=extensions.settings, new_value=[object], source=unknown"}
{"logTime": "1003/143325", "level": "INFO", "message": "Preference changed: name=profile.password_hash_data_list, new_value=[object], source=unknown"}
{"logTime": "1003/143325", "level": "INFO", "message": "Preference changed: name=schedule_to_flush_to_disk, new_value=\"13435511605878288\", source=unknown"}
{"logTime": "1003/143325", "level": "INFO", "message": "Preference changed: name=schedule_to_flush_to_disk, new_value=\"13435511605880155\", source=unknown"}
{"logTime": "1003/143325", "level": "INFO", "message": "Preference changed: name=muid.last_sync, new_value=\"13435511605880455\", source=unknown"}
{"logTime": "1003/143325", "level": "INFO", "message": "Preference changed: name=bookmark.storage_computation_last_update, new_value=\"13435511605880774\", source=unknown"}
{"logTime": "1003/143326", "level": "INFO", "message": "Preference changed: name=commerce_daily_metrics_last_update_time, new_value=\"13435511606151602\", source=unknown"}
{"logTime": "1003/143326", "level": "INFO", "message": "Preference changed: name=extensions.chrome_url_overrides, new_value=[object], source=unknown"}
{"logTime": "1003/143326", "level": "INFO", "message": "Preference changed: name=edge.services.signin_scoped_device_id, new_value=\"cbfca9b4-a49b-43cb-b767-455348b93bd6\", source=unknown"}
{"logTime": "1003/143326", "level": "INFO", "message": "Preference changed: name=account_tracker_service_last_update, new_value=\"13435511606161645\", source=unknown"}
{"logTime": "1003/143326", "level": "INFO", "message": "Preference changed: name=optimization_guide.previously_registered_optimization_types, new_value=[object], source=unknown"}
{"logTime": "1003/143326", "level": "INFO", "message": "Preference changed: name=autofill.credit_card_enabled, new_value=false, source=unknown"}
{"logTime": "1003/143326", "level": "INFO", "message": "Preference changed: name=enable_edge_collections, new_value=false, source=unknown"}
{"logTime": "1003/143326", "level": "INFO", "message": "Preference changed: name=resolve_navigation_errors_use_web_service.enabled, new_value=false, source=unknown"}
{"logTime": "1003/143326", "level": "INFO", "message": "Preference changed: name=alternate_error_pages.enabled, new_value=false, source=unknown"}
{"logTime": "1003/143326", "level": "INFO", "message": "Preference changed: name=in_product_help.session_start_time, new_value=\"13435511606804594\", source=unknown"}
{"logTime": "1003/143326", "level": "INFO", "message": "Preference changed: name=in_product_help.session_number, new_value=3, source=unknown"}
{"logTime": "1003/143326", "level": "INFO", "message": "Preference changed: name=in_product_help.session_last_active_time, new_value=\"13435511606804594\", source=unknown"}
{"logTime": "1003/143326", "level": "INFO", "message": "Preference changed: name=in_product_help.recent_session_start_times, new_value=[object], source=unknown"}
{"logTime": "1003/143326", "level": "INFO", "message": "Preference changed: name=optimization_guide.previously_registered_optimization_types, new_value=[object], source=unknown"}
{"logTime": "1003/143326", "level": "INFO", "message": "Preference changed: name=profile.content_settings.exceptions.storage_access_header_origin_trial, new_value=[object], source=unknown"}
{"logTime": "1003/143327", "level": "INFO", "message": "Preference changed: name=profile.content_settings.exceptions.site_engagement, new_value=[object], source=unknown"}
{"logTime": "1003/143327", "level": "INFO", "message": "Preference changed: name=profile.content_settings.exceptions.site_engagement, new_value=[object], source=unknown"}
{"logTime": "1003/143327", "level": "INFO", "message": "Preference changed: name=profile.last_engagement_time, new_value=\"13435482807385260\", source=unknown"}
{"logTime": "1003/143327", "level": "INFO", "message": "Preference changed: name=edge_rewards.coachmark_promotions, new_value=[object], source=unknown"}
{"logTime": "1003/143327", "level": "INFO", "message": "Preference changed: name=edge_rewards.hva_promotions, new_value=[object], source=unknown"}
{"logTime": "1003/143328", "level": "INFO", "message": "Preference changed: name=profile.content_settings.exceptions.site_engagement, new_value=[object], source=unknown"}
{"logTime": "1003/143328", "level": "INFO", "message": "Preference changed: name=profile.last_engagement_time, new_value=\"13435511608033209\", source=unknown"}
{"logTime": "1003/143335", "level": "INFO", "message": "PrefStore write completed: store=4, success=true"}
{"logTime": "1003/143335", "level": "INFO", "message": "PrefStore write completed: store=4, success=true"}
{"logTime": "1003/143336", "level": "INFO", "message": "Preference changed: name=edge.bookmarks.last_dup_info_record_time, new_value=\"13435511616153761\", source=unknown"}
{"logTime": "1003/143338", "level": "INFO", "message": "Preference changed: name=profile.content_settings.exceptions.site_engagement, new_value=[object], source=unknown"}
{"logTime": "1003/143338", "level": "INFO", "message": "Preference changed: name=profile.last_engagement_time, new_value=\"13435511618497578\", source=unknown"}
{"logTime": "1003/143341", "level": "INFO", "message": "Preference changed: name=in_product_help.session_last_active_time, new_value=\"13435511621806141\", source=unknown"}
{"logTime": "1003/143346", "level": "INFO", "message": "PrefStore write completed: store=4, success=true"}
{"logTime": "1003/143349", "level": "INFO", "message": "Preference changed: name=profile.content_settings.exceptions.site_engagement, new_value=[object], source=unknown"}
{"logTime": "1003/143349", "level": "INFO", "message": "Preference changed: name=profile.last_engagement_time, new_value=\"13435511629133491\", source=unknown"}
{"logTime": "1003/143350", "level": "INFO", "message": "Preference changed: name=language_dwell_time_average, new_value=[object], source=unknown"}
{"logTime": "1003/143350", "level": "INFO", "message": "Preference changed: name=language_usage_count, new_value=[object], source=unknown"}
{"logTime": "1003/143350", "level": "INFO", "message": "Preference changed: name=profile.content_settings.exceptions.media_engagement, new_value=[object], source=unknown"}
{"logTime": "1003/143350", "level": "INFO", "message": "Preference changed: name=profile.observed_session_time, new_value=[object], source=unknown"}
{"logTime": "1003/143350", "level": "INFO", "message": "Preference changed: name=sessions.session_data_status, new_value=2, source=unknown"}
{"logTime": "1003/143350", "level": "INFO", "message": "Preference changed: name=sessions.session_data_status, new_value=3, source=unknown"}
{"logTime": "1003/143350", "level": "INFO", "message": "Preference changed: name=sessions.event_log, new_value=[object], source=unknown"}
